{
    "preprocess_tiles - xml - decon_10": {
        "content": [
            {
                "0": [
                    [
                        {
                            "id": "xml_decon"
                        },
                        "xml_decon_image0.companion.ome:md5,c228d074eba208f27e16c33d7192c994",
                        [
                            "xml_decon_image0_Image:0.tif:md5,d28c2fbb2ec387ec2a9968ef1eaef093"
                        ]
                    ]
                ],
                "1": [
                    "versions.yml:md5,6b57ad7e41b899248d7e0bbfe7c44cce",
                    "versions.yml:md5,9077b8085d6ac618f00810a072c96d26"
                ],
                "companion_tiles": [
                    [
                        {
                            "id": "xml_decon"
                        },
                        "xml_decon_image0.companion.ome:md5,c228d074eba208f27e16c33d7192c994",
                        [
                            "xml_decon_image0_Image:0.tif:md5,d28c2fbb2ec387ec2a9968ef1eaef093"
                        ]
                    ]
                ],
                "versions": [
                    "versions.yml:md5,6b57ad7e41b899248d7e0bbfe7c44cce",
                    "versions.yml:md5,9077b8085d6ac618f00810a072c96d26"
                ]
            }
        ],
        "meta": {
            "nf-test": "0.9.2",
            "nextflow": "24.10.5"
        },
        "timestamp": "2025-06-17T16:22:39.978608949"
    },
    "preprocess_tiles - xml - no_decon": {
        "content": [
            {
                "0": [
                    [
                        {
                            "id": "xml_no-decon"
                        },
                        "xml_no-decon_image0.companion.ome:md5,2449ae4f2fb30495364ea5da0f00e09f",
                        [
                            "xml_no-decon_image0_Image:0.tif:md5,d28c2fbb2ec387ec2a9968ef1eaef093"
                        ]
                    ]
                ],
                "1": [
                    "versions.yml:md5,6b57ad7e41b899248d7e0bbfe7c44cce",
                    "versions.yml:md5,9077b8085d6ac618f00810a072c96d26"
                ],
                "companion_tiles": [
                    [
                        {
                            "id": "xml_no-decon"
                        },
                        "xml_no-decon_image0.companion.ome:md5,2449ae4f2fb30495364ea5da0f00e09f",
                        [
                            "xml_no-decon_image0_Image:0.tif:md5,d28c2fbb2ec387ec2a9968ef1eaef093"
                        ]
                    ]
                ],
                "versions": [
                    "versions.yml:md5,6b57ad7e41b899248d7e0bbfe7c44cce",
                    "versions.yml:md5,9077b8085d6ac618f00810a072c96d26"
                ]
            }
        ],
        "meta": {
            "nf-test": "0.9.2",
            "nextflow": "24.10.5"
        },
        "timestamp": "2025-06-17T16:21:18.568400573"
    }
}