{
    "preprocess - wsi - decon_100": {
        "content": [
            {
                "0": [
                    [
                        {
                            "id": "test"
                        },
                        "test_well",
                        "wsi_test.ome.tif:md5,64b2939e7185c68bdfa53f52c38a5f64"
                    ]
                ],
                "1": [
                    "versions.yml:md5,7532d207df3aa8c97abafc64c9788d28"
                ],
                "fovs": [
                    [
                        {
                            "id": "test"
                        },
                        "test_well",
                        "wsi_test.ome.tif:md5,64b2939e7185c68bdfa53f52c38a5f64"
                    ]
                ],
                "versions": [
                    "versions.yml:md5,7532d207df3aa8c97abafc64c9788d28"
                ]
            }
        ],
        "meta": {
            "nf-test": "0.9.2",
            "nextflow": "24.10.5"
        },
        "timestamp": "2025-05-17T16:54:13.995521142"
    },
    "preprocess -  stub": {
        "content": [
            {
                "0": [
                    [
                        {
                            "id": "test"
                        },
                        "Image:0.tif:md5,d41d8cd98f00b204e9800998ecf8427e"
                    ]
                ],
                "1": [
                    "versions.yml:md5,7532d207df3aa8c97abafc64c9788d28"
                ],
                "fovs": [
                    [
                        {
                            "id": "test"
                        },
                        "Image:0.tif:md5,d41d8cd98f00b204e9800998ecf8427e"
                    ]
                ],
                "versions": [
                    "versions.yml:md5,7532d207df3aa8c97abafc64c9788d28"
                ]
            }
        ],
        "meta": {
            "nf-test": "0.9.2",
            "nextflow": "24.10.5"
        },
        "timestamp": "2025-06-03T15:35:46.276660283"
    },
    "preprocess - hcs - decon": {
        "content": [
            {
                "0": [
                    [
                        {
                            "id": "test"
                        },
                        "hcs_test.ome.tif:md5,893e81cefe7963111e16fa869c8823da"
                    ]
                ],
                "1": [
                    "versions.yml:md5,7532d207df3aa8c97abafc64c9788d28"
                ],
                "fovs": [
                    [
                        {
                            "id": "test"
                        },
                        "hcs_test.ome.tif:md5,893e81cefe7963111e16fa869c8823da"
                    ]
                ],
                "versions": [
                    "versions.yml:md5,7532d207df3aa8c97abafc64c9788d28"
                ]
            }
        ],
        "meta": {
            "nf-test": "0.9.2",
            "nextflow": "24.10.5"
        },
        "timestamp": "2025-04-29T09:28:36.310438085"
    },
    "preprocess - wsi": {
        "content": [
            {
                "0": [
                    [
                        {
                            "id": "test"
                        },
                        "test_well",
                        "wsi_test.ome.tif:md5,61b6738415d328a66b9d2780926a4f5f"
                    ]
                ],
                "1": [
                    "versions.yml:md5,7532d207df3aa8c97abafc64c9788d28"
                ],
                "fovs": [
                    [
                        {
                            "id": "test"
                        },
                        "test_well",
                        "wsi_test.ome.tif:md5,61b6738415d328a66b9d2780926a4f5f"
                    ]
                ],
                "versions": [
                    "versions.yml:md5,7532d207df3aa8c97abafc64c9788d28"
                ]
            }
        ],
        "meta": {
            "nf-test": "0.9.2",
            "nextflow": "24.10.5"
        },
        "timestamp": "2025-05-17T16:57:05.716168694"
    },
    "preprocess - hcs - decon_10": {
        "content": [
            {
                "0": [
                    [
                        {
                            "id": "hcs"
                        },
                        "Image:10.tif:md5,83d7b9c90ebe60aa9f6cebaeac88c9ae"
                    ]
                ],
                "1": [
                    "versions.yml:md5,7532d207df3aa8c97abafc64c9788d28"
                ],
                "fovs": [
                    [
                        {
                            "id": "hcs"
                        },
                        "Image:10.tif:md5,83d7b9c90ebe60aa9f6cebaeac88c9ae"
                    ]
                ],
                "versions": [
                    "versions.yml:md5,7532d207df3aa8c97abafc64c9788d28"
                ]
            }
        ],
        "meta": {
            "nf-test": "0.9.2",
            "nextflow": "24.10.5"
        },
        "timestamp": "2025-06-03T15:31:23.405421255"
    },
    "preprocess - hcs - decon_100": {
        "content": [
            {
                "0": [
                    [
                        {
                            "id": "test"
                        },
                        "test_well",
                        "hcs_test.ome.tif:md5,ff1b5c3fd591a9ad1e4dd0de65557ef1"
                    ]
                ],
                "1": [
                    "versions.yml:md5,7532d207df3aa8c97abafc64c9788d28"
                ],
                "fovs": [
                    [
                        {
                            "id": "test"
                        },
                        "test_well",
                        "hcs_test.ome.tif:md5,ff1b5c3fd591a9ad1e4dd0de65557ef1"
                    ]
                ],
                "versions": [
                    "versions.yml:md5,7532d207df3aa8c97abafc64c9788d28"
                ]
            }
        ],
        "meta": {
            "nf-test": "0.9.2",
            "nextflow": "24.10.5"
        },
        "timestamp": "2025-05-17T16:52:40.926271686"
    },
    "preprocess - hcs - no_decon": {
        "content": [
            {
                "0": [
                    [
                        {
                            "id": "test"
                        },
                        "Image:10.tif:md5,83d7b9c90ebe60aa9f6cebaeac88c9ae"
                    ]
                ],
                "1": [
                    "versions.yml:md5,7532d207df3aa8c97abafc64c9788d28"
                ],
                "fovs": [
                    [
                        {
                            "id": "test"
                        },
                        "Image:10.tif:md5,83d7b9c90ebe60aa9f6cebaeac88c9ae"
                    ]
                ],
                "versions": [
                    "versions.yml:md5,7532d207df3aa8c97abafc64c9788d28"
                ]
            }
        ],
        "meta": {
            "nf-test": "0.9.2",
            "nextflow": "24.10.5"
        },
        "timestamp": "2025-06-03T15:35:37.378475228"
    },
    "preprocess - wsi - decon_10": {
        "content": [
            {
                "0": [
                    [
                        {
                            "id": "test"
                        },
                        "Image:2.tif:md5,61b6738415d328a66b9d2780926a4f5f"
                    ]
                ],
                "1": [
                    "versions.yml:md5,7532d207df3aa8c97abafc64c9788d28"
                ],
                "fovs": [
                    [
                        {
                            "id": "test"
                        },
                        "Image:2.tif:md5,61b6738415d328a66b9d2780926a4f5f"
                    ]
                ],
                "versions": [
                    "versions.yml:md5,7532d207df3aa8c97abafc64c9788d28"
                ]
            }
        ],
        "meta": {
            "nf-test": "0.9.2",
            "nextflow": "24.10.5"
        },
        "timestamp": "2025-06-03T15:32:37.88297373"
    },
    "preprocess - wsi - decon": {
        "content": [
            {
                "0": [
                    [
                        {
                            "id": "test"
                        },
                        "wsi_test.ome.tif:md5,668e1f44015549e7ea2d8a6a10973a56"
                    ]
                ],
                "1": [
                    "versions.yml:md5,7532d207df3aa8c97abafc64c9788d28"
                ],
                "fovs": [
                    [
                        {
                            "id": "test"
                        },
                        "wsi_test.ome.tif:md5,668e1f44015549e7ea2d8a6a10973a56"
                    ]
                ],
                "versions": [
                    "versions.yml:md5,7532d207df3aa8c97abafc64c9788d28"
                ]
            }
        ],
        "meta": {
            "nf-test": "0.9.2",
            "nextflow": "24.10.5"
        },
        "timestamp": "2025-04-29T09:31:14.830460903"
    },
    "preprocess - hcs": {
        "content": [
            {
                "0": [
                    [
                        {
                            "id": "test"
                        },
                        "test_well",
                        "hcs_test.ome.tif:md5,83d7b9c90ebe60aa9f6cebaeac88c9ae"
                    ]
                ],
                "1": [
                    "versions.yml:md5,7532d207df3aa8c97abafc64c9788d28"
                ],
                "fovs": [
                    [
                        {
                            "id": "test"
                        },
                        "test_well",
                        "hcs_test.ome.tif:md5,83d7b9c90ebe60aa9f6cebaeac88c9ae"
                    ]
                ],
                "versions": [
                    "versions.yml:md5,7532d207df3aa8c97abafc64c9788d28"
                ]
            }
        ],
        "meta": {
            "nf-test": "0.9.2",
            "nextflow": "24.10.5"
        },
        "timestamp": "2025-05-17T16:55:50.056537801"
    }
}