{
    "pe2ometif - perkinelmer full run": {
        "content": [
            {
                "0": [
                    [
                        {
                            "id": "test"
                        },
                        "test_1_C07_F001_maxproj.ome.tif:md5,039048a87c7eac6bf844564b53ef1b4d",
                        "test_1.companion.ome:md5,4e2e159745daa2be62ac46a0583dce39"
                    ]
                ],
                "1": [
                    
                ],
                "2": [
                    
                ],
                "3": [
                    [
                        "PE2OMETIF",
                        "pe2ometif",
                        "3.10.0"
                    ]
                ],
                "dfp_maps": [
                    
                ],
                "ffp_maps": [
                    
                ],
                "ome_tif": [
                    [
                        {
                            "id": "test"
                        },
                        "test_1_C07_F001_maxproj.ome.tif:md5,039048a87c7eac6bf844564b53ef1b4d",
                        "test_1.companion.ome:md5,4e2e159745daa2be62ac46a0583dce39"
                    ]
                ],
                "versions_pe2ometif": [
                    [
                        "PE2OMETIF",
                        "pe2ometif",
                        "3.10.0"
                    ]
                ]
            }
        ],
        "meta": {
            "nf-test": "0.9.2",
            "nextflow": "25.10.4"
        },
        "timestamp": "2026-04-22T10:20:59.422192106"
    },
    "pe2ometif - row range stub": {
        "content": [
            {
                "0": [
                    [
                        {
                            "id": "test"
                        },
                        "test_1_A01_F001_maxproj.ome.tif:md5,d41d8cd98f00b204e9800998ecf8427e",
                        "test_1.companion.ome:md5,d41d8cd98f00b204e9800998ecf8427e"
                    ]
                ],
                "1": [
                    [
                        {
                            "id": "test"
                        },
                        "test_1_ch01_ffp.tiff:md5,d41d8cd98f00b204e9800998ecf8427e"
                    ]
                ],
                "2": [
                    [
                        {
                            "id": "test"
                        },
                        "test_1_ch01_dfp.tiff:md5,d41d8cd98f00b204e9800998ecf8427e"
                    ]
                ],
                "3": [
                    [
                        "PE2OMETIF",
                        "pe2ometif",
                        "3.10.0"
                    ]
                ],
                "dfp_maps": [
                    [
                        {
                            "id": "test"
                        },
                        "test_1_ch01_dfp.tiff:md5,d41d8cd98f00b204e9800998ecf8427e"
                    ]
                ],
                "ffp_maps": [
                    [
                        {
                            "id": "test"
                        },
                        "test_1_ch01_ffp.tiff:md5,d41d8cd98f00b204e9800998ecf8427e"
                    ]
                ],
                "ome_tif": [
                    [
                        {
                            "id": "test"
                        },
                        "test_1_A01_F001_maxproj.ome.tif:md5,d41d8cd98f00b204e9800998ecf8427e",
                        "test_1.companion.ome:md5,d41d8cd98f00b204e9800998ecf8427e"
                    ]
                ],
                "versions_pe2ometif": [
                    [
                        "PE2OMETIF",
                        "pe2ometif",
                        "3.10.0"
                    ]
                ]
            }
        ],
        "meta": {
            "nf-test": "0.9.2",
            "nextflow": "25.10.4"
        },
        "timestamp": "2026-04-22T10:21:49.375028348"
    },
    "pe2ometif - no companion stub": {
        "content": [
            {
                "0": [
                    [
                        {
                            "id": "test"
                        },
                        "test_1_A01_F001_maxproj.ome.tif:md5,d41d8cd98f00b204e9800998ecf8427e",
                        "test_1.companion.ome:md5,d41d8cd98f00b204e9800998ecf8427e"
                    ]
                ],
                "1": [
                    [
                        {
                            "id": "test"
                        },
                        "test_1_ch01_ffp.tiff:md5,d41d8cd98f00b204e9800998ecf8427e"
                    ]
                ],
                "2": [
                    [
                        {
                            "id": "test"
                        },
                        "test_1_ch01_dfp.tiff:md5,d41d8cd98f00b204e9800998ecf8427e"
                    ]
                ],
                "3": [
                    [
                        "PE2OMETIF",
                        "pe2ometif",
                        "3.10.0"
                    ]
                ],
                "dfp_maps": [
                    [
                        {
                            "id": "test"
                        },
                        "test_1_ch01_dfp.tiff:md5,d41d8cd98f00b204e9800998ecf8427e"
                    ]
                ],
                "ffp_maps": [
                    [
                        {
                            "id": "test"
                        },
                        "test_1_ch01_ffp.tiff:md5,d41d8cd98f00b204e9800998ecf8427e"
                    ]
                ],
                "ome_tif": [
                    [
                        {
                            "id": "test"
                        },
                        "test_1_A01_F001_maxproj.ome.tif:md5,d41d8cd98f00b204e9800998ecf8427e",
                        "test_1.companion.ome:md5,d41d8cd98f00b204e9800998ecf8427e"
                    ]
                ],
                "versions_pe2ometif": [
                    [
                        "PE2OMETIF",
                        "pe2ometif",
                        "3.10.0"
                    ]
                ]
            }
        ],
        "meta": {
            "nf-test": "0.9.2",
            "nextflow": "25.10.4"
        },
        "timestamp": "2026-04-22T10:21:03.987097393"
    },
    "pe2ometif - row and col range matching well": {
        "content": [
            {
                "0": [
                    [
                        {
                            "id": "test"
                        },
                        "test_1_C07_F001_maxproj.ome.tif:md5,039048a87c7eac6bf844564b53ef1b4d",
                        "test_1.companion.ome:md5,ddf227cee46e39b06d2e40f7d92c63cf"
                    ]
                ],
                "1": [
                    
                ],
                "2": [
                    
                ],
                "3": [
                    [
                        "PE2OMETIF",
                        "pe2ometif",
                        "3.10.0"
                    ]
                ],
                "dfp_maps": [
                    
                ],
                "ffp_maps": [
                    
                ],
                "ome_tif": [
                    [
                        {
                            "id": "test"
                        },
                        "test_1_C07_F001_maxproj.ome.tif:md5,039048a87c7eac6bf844564b53ef1b4d",
                        "test_1.companion.ome:md5,ddf227cee46e39b06d2e40f7d92c63cf"
                    ]
                ],
                "versions_pe2ometif": [
                    [
                        "PE2OMETIF",
                        "pe2ometif",
                        "3.10.0"
                    ]
                ]
            }
        ],
        "meta": {
            "nf-test": "0.9.2",
            "nextflow": "25.10.4"
        },
        "timestamp": "2026-04-22T10:21:28.340413769"
    },
    "pe2ometif - col range stub": {
        "content": [
            {
                "0": [
                    [
                        {
                            "id": "test"
                        },
                        "test_1_A01_F001_maxproj.ome.tif:md5,d41d8cd98f00b204e9800998ecf8427e",
                        "test_1.companion.ome:md5,d41d8cd98f00b204e9800998ecf8427e"
                    ]
                ],
                "1": [
                    [
                        {
                            "id": "test"
                        },
                        "test_1_ch01_ffp.tiff:md5,d41d8cd98f00b204e9800998ecf8427e"
                    ]
                ],
                "2": [
                    [
                        {
                            "id": "test"
                        },
                        "test_1_ch01_dfp.tiff:md5,d41d8cd98f00b204e9800998ecf8427e"
                    ]
                ],
                "3": [
                    [
                        "PE2OMETIF",
                        "pe2ometif",
                        "3.10.0"
                    ]
                ],
                "dfp_maps": [
                    [
                        {
                            "id": "test"
                        },
                        "test_1_ch01_dfp.tiff:md5,d41d8cd98f00b204e9800998ecf8427e"
                    ]
                ],
                "ffp_maps": [
                    [
                        {
                            "id": "test"
                        },
                        "test_1_ch01_ffp.tiff:md5,d41d8cd98f00b204e9800998ecf8427e"
                    ]
                ],
                "ome_tif": [
                    [
                        {
                            "id": "test"
                        },
                        "test_1_A01_F001_maxproj.ome.tif:md5,d41d8cd98f00b204e9800998ecf8427e",
                        "test_1.companion.ome:md5,d41d8cd98f00b204e9800998ecf8427e"
                    ]
                ],
                "versions_pe2ometif": [
                    [
                        "PE2OMETIF",
                        "pe2ometif",
                        "3.10.0"
                    ]
                ]
            }
        ],
        "meta": {
            "nf-test": "0.9.2",
            "nextflow": "25.10.4"
        },
        "timestamp": "2026-04-22T10:21:53.992675805"
    },
    "pe2ometif - row range matching well": {
        "content": [
            {
                "0": [
                    [
                        {
                            "id": "test"
                        },
                        "test_1_C07_F001_maxproj.ome.tif:md5,039048a87c7eac6bf844564b53ef1b4d",
                        "test_1.companion.ome:md5,a882300dc7e5dd135a9e6da6deadcc21"
                    ]
                ],
                "1": [
                    
                ],
                "2": [
                    
                ],
                "3": [
                    [
                        "PE2OMETIF",
                        "pe2ometif",
                        "3.10.0"
                    ]
                ],
                "dfp_maps": [
                    
                ],
                "ffp_maps": [
                    
                ],
                "ome_tif": [
                    [
                        {
                            "id": "test"
                        },
                        "test_1_C07_F001_maxproj.ome.tif:md5,039048a87c7eac6bf844564b53ef1b4d",
                        "test_1.companion.ome:md5,a882300dc7e5dd135a9e6da6deadcc21"
                    ]
                ],
                "versions_pe2ometif": [
                    [
                        "PE2OMETIF",
                        "pe2ometif",
                        "3.10.0"
                    ]
                ]
            }
        ],
        "meta": {
            "nf-test": "0.9.2",
            "nextflow": "25.10.4"
        },
        "timestamp": "2026-04-22T10:21:12.543684091"
    },
    "pe2ometif - row and col range stub": {
        "content": [
            {
                "0": [
                    [
                        {
                            "id": "test"
                        },
                        "test_1_A01_F001_maxproj.ome.tif:md5,d41d8cd98f00b204e9800998ecf8427e",
                        "test_1.companion.ome:md5,d41d8cd98f00b204e9800998ecf8427e"
                    ]
                ],
                "1": [
                    [
                        {
                            "id": "test"
                        },
                        "test_1_ch01_ffp.tiff:md5,d41d8cd98f00b204e9800998ecf8427e"
                    ]
                ],
                "2": [
                    [
                        {
                            "id": "test"
                        },
                        "test_1_ch01_dfp.tiff:md5,d41d8cd98f00b204e9800998ecf8427e"
                    ]
                ],
                "3": [
                    [
                        "PE2OMETIF",
                        "pe2ometif",
                        "3.10.0"
                    ]
                ],
                "dfp_maps": [
                    [
                        {
                            "id": "test"
                        },
                        "test_1_ch01_dfp.tiff:md5,d41d8cd98f00b204e9800998ecf8427e"
                    ]
                ],
                "ffp_maps": [
                    [
                        {
                            "id": "test"
                        },
                        "test_1_ch01_ffp.tiff:md5,d41d8cd98f00b204e9800998ecf8427e"
                    ]
                ],
                "ome_tif": [
                    [
                        {
                            "id": "test"
                        },
                        "test_1_A01_F001_maxproj.ome.tif:md5,d41d8cd98f00b204e9800998ecf8427e",
                        "test_1.companion.ome:md5,d41d8cd98f00b204e9800998ecf8427e"
                    ]
                ],
                "versions_pe2ometif": [
                    [
                        "PE2OMETIF",
                        "pe2ometif",
                        "3.10.0"
                    ]
                ]
            }
        ],
        "meta": {
            "nf-test": "0.9.2",
            "nextflow": "25.10.4"
        },
        "timestamp": "2026-04-22T10:21:59.436542949"
    },
    "pe2ometif - col range matching well": {
        "content": [
            {
                "0": [
                    [
                        {
                            "id": "test"
                        },
                        "test_1_C07_F001_maxproj.ome.tif:md5,039048a87c7eac6bf844564b53ef1b4d",
                        "test_1.companion.ome:md5,00387789722b8d55a922ac292bdb7f68"
                    ]
                ],
                "1": [
                    
                ],
                "2": [
                    
                ],
                "3": [
                    [
                        "PE2OMETIF",
                        "pe2ometif",
                        "3.10.0"
                    ]
                ],
                "dfp_maps": [
                    
                ],
                "ffp_maps": [
                    
                ],
                "ome_tif": [
                    [
                        {
                            "id": "test"
                        },
                        "test_1_C07_F001_maxproj.ome.tif:md5,039048a87c7eac6bf844564b53ef1b4d",
                        "test_1.companion.ome:md5,00387789722b8d55a922ac292bdb7f68"
                    ]
                ],
                "versions_pe2ometif": [
                    [
                        "PE2OMETIF",
                        "pe2ometif",
                        "3.10.0"
                    ]
                ]
            }
        ],
        "meta": {
            "nf-test": "0.9.2",
            "nextflow": "25.10.4"
        },
        "timestamp": "2026-04-22T10:21:20.502546562"
    }
}