{
    "pe2ometif - perkinelmer full run": {
        "content": [
            {
                "0": [
                    [
                        {
                            "id": "test"
                        },
                        "test_1_C07_F001_maxproj.ome.tif:md5,039048a87c7eac6bf844564b53ef1b4d",
                        "test_1.companion.ome:md5,d690467291ce66cc3f1416e78fa6783d"
                    ]
                ],
                "1": [
                    [
                        {
                            "id": "test"
                        },
                        "test_1_C07.companion.ome:md5,d690467291ce66cc3f1416e78fa6783d"
                    ]
                ],
                "2": [
                    
                ],
                "3": [
                    
                ],
                "4": [
                    [
                        "PE2OMETIF",
                        "pe2ometif",
                        "3.10.0"
                    ]
                ],
                "dfp_maps": [
                    
                ],
                "ffp_maps": [
                    
                ],
                "ome_tif": [
                    [
                        {
                            "id": "test"
                        },
                        "test_1_C07_F001_maxproj.ome.tif:md5,039048a87c7eac6bf844564b53ef1b4d",
                        "test_1.companion.ome:md5,d690467291ce66cc3f1416e78fa6783d"
                    ]
                ],
                "per_well_companions": [
                    [
                        {
                            "id": "test"
                        },
                        "test_1_C07.companion.ome:md5,d690467291ce66cc3f1416e78fa6783d"
                    ]
                ],
                "versions_pe2ometif": [
                    [
                        "PE2OMETIF",
                        "pe2ometif",
                        "3.10.0"
                    ]
                ]
            }
        ],
        "meta": {
            "nf-test": "0.9.2",
            "nextflow": "25.10.4"
        },
        "timestamp": "2026-04-24T15:51:13.068163073"
    },
    "pe2ometif - row range stub": {
        "content": [
            {
                "0": [
                    [
                        {
                            "id": "test"
                        },
                        "test_1_A01_F001_maxproj.ome.tif:md5,d41d8cd98f00b204e9800998ecf8427e",
                        "test_1.companion.ome:md5,d41d8cd98f00b204e9800998ecf8427e"
                    ]
                ],
                "1": [
                    [
                        {
                            "id": "test"
                        },
                        "test_1_A01.companion.ome:md5,d41d8cd98f00b204e9800998ecf8427e"
                    ]
                ],
                "2": [
                    [
                        {
                            "id": "test"
                        },
                        "test_1_ch01_ffp.tiff:md5,d41d8cd98f00b204e9800998ecf8427e"
                    ]
                ],
                "3": [
                    [
                        {
                            "id": "test"
                        },
                        "test_1_ch01_dfp.tiff:md5,d41d8cd98f00b204e9800998ecf8427e"
                    ]
                ],
                "4": [
                    [
                        "PE2OMETIF",
                        "pe2ometif",
                        "3.10.0"
                    ]
                ],
                "dfp_maps": [
                    [
                        {
                            "id": "test"
                        },
                        "test_1_ch01_dfp.tiff:md5,d41d8cd98f00b204e9800998ecf8427e"
                    ]
                ],
                "ffp_maps": [
                    [
                        {
                            "id": "test"
                        },
                        "test_1_ch01_ffp.tiff:md5,d41d8cd98f00b204e9800998ecf8427e"
                    ]
                ],
                "ome_tif": [
                    [
                        {
                            "id": "test"
                        },
                        "test_1_A01_F001_maxproj.ome.tif:md5,d41d8cd98f00b204e9800998ecf8427e",
                        "test_1.companion.ome:md5,d41d8cd98f00b204e9800998ecf8427e"
                    ]
                ],
                "per_well_companions": [
                    [
                        {
                            "id": "test"
                        },
                        "test_1_A01.companion.ome:md5,d41d8cd98f00b204e9800998ecf8427e"
                    ]
                ],
                "versions_pe2ometif": [
                    [
                        "PE2OMETIF",
                        "pe2ometif",
                        "3.10.0"
                    ]
                ]
            }
        ],
        "meta": {
            "nf-test": "0.9.2",
            "nextflow": "25.10.4"
        },
        "timestamp": "2026-04-24T15:51:58.535953638"
    },
    "pe2ometif - no companion stub": {
        "content": [
            {
                "0": [
                    [
                        {
                            "id": "test"
                        },
                        "test_1_A01_F001_maxproj.ome.tif:md5,d41d8cd98f00b204e9800998ecf8427e",
                        "test_1.companion.ome:md5,d41d8cd98f00b204e9800998ecf8427e"
                    ]
                ],
                "1": [
                    [
                        {
                            "id": "test"
                        },
                        "test_1_A01.companion.ome:md5,d41d8cd98f00b204e9800998ecf8427e"
                    ]
                ],
                "2": [
                    [
                        {
                            "id": "test"
                        },
                        "test_1_ch01_ffp.tiff:md5,d41d8cd98f00b204e9800998ecf8427e"
                    ]
                ],
                "3": [
                    [
                        {
                            "id": "test"
                        },
                        "test_1_ch01_dfp.tiff:md5,d41d8cd98f00b204e9800998ecf8427e"
                    ]
                ],
                "4": [
                    [
                        "PE2OMETIF",
                        "pe2ometif",
                        "3.10.0"
                    ]
                ],
                "dfp_maps": [
                    [
                        {
                            "id": "test"
                        },
                        "test_1_ch01_dfp.tiff:md5,d41d8cd98f00b204e9800998ecf8427e"
                    ]
                ],
                "ffp_maps": [
                    [
                        {
                            "id": "test"
                        },
                        "test_1_ch01_ffp.tiff:md5,d41d8cd98f00b204e9800998ecf8427e"
                    ]
                ],
                "ome_tif": [
                    [
                        {
                            "id": "test"
                        },
                        "test_1_A01_F001_maxproj.ome.tif:md5,d41d8cd98f00b204e9800998ecf8427e",
                        "test_1.companion.ome:md5,d41d8cd98f00b204e9800998ecf8427e"
                    ]
                ],
                "per_well_companions": [
                    [
                        {
                            "id": "test"
                        },
                        "test_1_A01.companion.ome:md5,d41d8cd98f00b204e9800998ecf8427e"
                    ]
                ],
                "versions_pe2ometif": [
                    [
                        "PE2OMETIF",
                        "pe2ometif",
                        "3.10.0"
                    ]
                ]
            }
        ],
        "meta": {
            "nf-test": "0.9.2",
            "nextflow": "25.10.4"
        },
        "timestamp": "2026-04-24T15:51:17.386135849"
    },
    "pe2ometif - row and col range matching well": {
        "content": [
            {
                "0": [
                    [
                        {
                            "id": "test"
                        },
                        "test_1_C07_F001_maxproj.ome.tif:md5,039048a87c7eac6bf844564b53ef1b4d",
                        "test_1.companion.ome:md5,4416bc3835fbb2bef9eebd190fac67bb"
                    ]
                ],
                "1": [
                    [
                        {
                            "id": "test"
                        },
                        "test_1_C07.companion.ome:md5,4416bc3835fbb2bef9eebd190fac67bb"
                    ]
                ],
                "2": [
                    
                ],
                "3": [
                    
                ],
                "4": [
                    [
                        "PE2OMETIF",
                        "pe2ometif",
                        "3.10.0"
                    ]
                ],
                "dfp_maps": [
                    
                ],
                "ffp_maps": [
                    
                ],
                "ome_tif": [
                    [
                        {
                            "id": "test"
                        },
                        "test_1_C07_F001_maxproj.ome.tif:md5,039048a87c7eac6bf844564b53ef1b4d",
                        "test_1.companion.ome:md5,4416bc3835fbb2bef9eebd190fac67bb"
                    ]
                ],
                "per_well_companions": [
                    [
                        {
                            "id": "test"
                        },
                        "test_1_C07.companion.ome:md5,4416bc3835fbb2bef9eebd190fac67bb"
                    ]
                ],
                "versions_pe2ometif": [
                    [
                        "PE2OMETIF",
                        "pe2ometif",
                        "3.10.0"
                    ]
                ]
            }
        ],
        "meta": {
            "nf-test": "0.9.2",
            "nextflow": "25.10.4"
        },
        "timestamp": "2026-04-24T15:51:39.758954221"
    },
    "pe2ometif - col range stub": {
        "content": [
            {
                "0": [
                    [
                        {
                            "id": "test"
                        },
                        "test_1_A01_F001_maxproj.ome.tif:md5,d41d8cd98f00b204e9800998ecf8427e",
                        "test_1.companion.ome:md5,d41d8cd98f00b204e9800998ecf8427e"
                    ]
                ],
                "1": [
                    [
                        {
                            "id": "test"
                        },
                        "test_1_A01.companion.ome:md5,d41d8cd98f00b204e9800998ecf8427e"
                    ]
                ],
                "2": [
                    [
                        {
                            "id": "test"
                        },
                        "test_1_ch01_ffp.tiff:md5,d41d8cd98f00b204e9800998ecf8427e"
                    ]
                ],
                "3": [
                    [
                        {
                            "id": "test"
                        },
                        "test_1_ch01_dfp.tiff:md5,d41d8cd98f00b204e9800998ecf8427e"
                    ]
                ],
                "4": [
                    [
                        "PE2OMETIF",
                        "pe2ometif",
                        "3.10.0"
                    ]
                ],
                "dfp_maps": [
                    [
                        {
                            "id": "test"
                        },
                        "test_1_ch01_dfp.tiff:md5,d41d8cd98f00b204e9800998ecf8427e"
                    ]
                ],
                "ffp_maps": [
                    [
                        {
                            "id": "test"
                        },
                        "test_1_ch01_ffp.tiff:md5,d41d8cd98f00b204e9800998ecf8427e"
                    ]
                ],
                "ome_tif": [
                    [
                        {
                            "id": "test"
                        },
                        "test_1_A01_F001_maxproj.ome.tif:md5,d41d8cd98f00b204e9800998ecf8427e",
                        "test_1.companion.ome:md5,d41d8cd98f00b204e9800998ecf8427e"
                    ]
                ],
                "per_well_companions": [
                    [
                        {
                            "id": "test"
                        },
                        "test_1_A01.companion.ome:md5,d41d8cd98f00b204e9800998ecf8427e"
                    ]
                ],
                "versions_pe2ometif": [
                    [
                        "PE2OMETIF",
                        "pe2ometif",
                        "3.10.0"
                    ]
                ]
            }
        ],
        "meta": {
            "nf-test": "0.9.2",
            "nextflow": "25.10.4"
        },
        "timestamp": "2026-04-24T15:52:03.028511585"
    },
    "pe2ometif - row range matching well": {
        "content": [
            {
                "0": [
                    [
                        {
                            "id": "test"
                        },
                        "test_1_C07_F001_maxproj.ome.tif:md5,039048a87c7eac6bf844564b53ef1b4d",
                        "test_1.companion.ome:md5,5cc4b02d9a1d6506f6d923211e5520c8"
                    ]
                ],
                "1": [
                    [
                        {
                            "id": "test"
                        },
                        "test_1_C07.companion.ome:md5,5cc4b02d9a1d6506f6d923211e5520c8"
                    ]
                ],
                "2": [
                    
                ],
                "3": [
                    
                ],
                "4": [
                    [
                        "PE2OMETIF",
                        "pe2ometif",
                        "3.10.0"
                    ]
                ],
                "dfp_maps": [
                    
                ],
                "ffp_maps": [
                    
                ],
                "ome_tif": [
                    [
                        {
                            "id": "test"
                        },
                        "test_1_C07_F001_maxproj.ome.tif:md5,039048a87c7eac6bf844564b53ef1b4d",
                        "test_1.companion.ome:md5,5cc4b02d9a1d6506f6d923211e5520c8"
                    ]
                ],
                "per_well_companions": [
                    [
                        {
                            "id": "test"
                        },
                        "test_1_C07.companion.ome:md5,5cc4b02d9a1d6506f6d923211e5520c8"
                    ]
                ],
                "versions_pe2ometif": [
                    [
                        "PE2OMETIF",
                        "pe2ometif",
                        "3.10.0"
                    ]
                ]
            }
        ],
        "meta": {
            "nf-test": "0.9.2",
            "nextflow": "25.10.4"
        },
        "timestamp": "2026-04-24T15:51:24.686350347"
    },
    "pe2ometif - row and col range stub": {
        "content": [
            {
                "0": [
                    [
                        {
                            "id": "test"
                        },
                        "test_1_A01_F001_maxproj.ome.tif:md5,d41d8cd98f00b204e9800998ecf8427e",
                        "test_1.companion.ome:md5,d41d8cd98f00b204e9800998ecf8427e"
                    ]
                ],
                "1": [
                    [
                        {
                            "id": "test"
                        },
                        "test_1_A01.companion.ome:md5,d41d8cd98f00b204e9800998ecf8427e"
                    ]
                ],
                "2": [
                    [
                        {
                            "id": "test"
                        },
                        "test_1_ch01_ffp.tiff:md5,d41d8cd98f00b204e9800998ecf8427e"
                    ]
                ],
                "3": [
                    [
                        {
                            "id": "test"
                        },
                        "test_1_ch01_dfp.tiff:md5,d41d8cd98f00b204e9800998ecf8427e"
                    ]
                ],
                "4": [
                    [
                        "PE2OMETIF",
                        "pe2ometif",
                        "3.10.0"
                    ]
                ],
                "dfp_maps": [
                    [
                        {
                            "id": "test"
                        },
                        "test_1_ch01_dfp.tiff:md5,d41d8cd98f00b204e9800998ecf8427e"
                    ]
                ],
                "ffp_maps": [
                    [
                        {
                            "id": "test"
                        },
                        "test_1_ch01_ffp.tiff:md5,d41d8cd98f00b204e9800998ecf8427e"
                    ]
                ],
                "ome_tif": [
                    [
                        {
                            "id": "test"
                        },
                        "test_1_A01_F001_maxproj.ome.tif:md5,d41d8cd98f00b204e9800998ecf8427e",
                        "test_1.companion.ome:md5,d41d8cd98f00b204e9800998ecf8427e"
                    ]
                ],
                "per_well_companions": [
                    [
                        {
                            "id": "test"
                        },
                        "test_1_A01.companion.ome:md5,d41d8cd98f00b204e9800998ecf8427e"
                    ]
                ],
                "versions_pe2ometif": [
                    [
                        "PE2OMETIF",
                        "pe2ometif",
                        "3.10.0"
                    ]
                ]
            }
        ],
        "meta": {
            "nf-test": "0.9.2",
            "nextflow": "25.10.4"
        },
        "timestamp": "2026-04-24T15:52:07.617694899"
    },
    "pe2ometif - col range matching well": {
        "content": [
            {
                "0": [
                    [
                        {
                            "id": "test"
                        },
                        "test_1_C07_F001_maxproj.ome.tif:md5,039048a87c7eac6bf844564b53ef1b4d",
                        "test_1.companion.ome:md5,0c7993292466bcfda7dd44ea8ba49aad"
                    ]
                ],
                "1": [
                    [
                        {
                            "id": "test"
                        },
                        "test_1_C07.companion.ome:md5,0c7993292466bcfda7dd44ea8ba49aad"
                    ]
                ],
                "2": [
                    
                ],
                "3": [
                    
                ],
                "4": [
                    [
                        "PE2OMETIF",
                        "pe2ometif",
                        "3.10.0"
                    ]
                ],
                "dfp_maps": [
                    
                ],
                "ffp_maps": [
                    
                ],
                "ome_tif": [
                    [
                        {
                            "id": "test"
                        },
                        "test_1_C07_F001_maxproj.ome.tif:md5,039048a87c7eac6bf844564b53ef1b4d",
                        "test_1.companion.ome:md5,0c7993292466bcfda7dd44ea8ba49aad"
                    ]
                ],
                "per_well_companions": [
                    [
                        {
                            "id": "test"
                        },
                        "test_1_C07.companion.ome:md5,0c7993292466bcfda7dd44ea8ba49aad"
                    ]
                ],
                "versions_pe2ometif": [
                    [
                        "PE2OMETIF",
                        "pe2ometif",
                        "3.10.0"
                    ]
                ]
            }
        ],
        "meta": {
            "nf-test": "0.9.2",
            "nextflow": "25.10.4"
        },
        "timestamp": "2026-04-24T15:51:32.329793997"
    }
}